// Jest Snapshot v1, https://goo.gl/fbAQLP

exports[`ScatterChart Should match existing snapshot when given simple data. 1`] = `
<PlotlyChart
  config={
    Object {
      "displayModeBar": true,
    }
  }
  data={
    Array [
      Object {
        "marker": Object {
          "color": "",
          "size": 8,
        },
        "mode": "markers",
        "type": "scattergl",
        "x": Array [],
        "y": Array [],
      },
    ]
  }
  layout={
    Object {
      "height": 400,
      "legend": Object {},
      "showlegend": false,
      "title": "",
      "width": 400,
      "xaxis": Object {
        "gridcolor": "#ff0000",
        "gridwidth": 4,
        "showticklabels": false,
        "tickvals": Array [],
      },
      "yaxis": Object {
        "autorange": "reversed",
        "gridcolor": "#ff0000",
        "gridwidth": 4,
        "showticklabels": false,
        "tickvals": Array [],
      },
    }
  }
  onClickCallback={[Function]}
  onHoverCallback={[Function]}
  onSelectedCallback={[Function]}
  onUnHoverCallback={[Function]}
/>
`;
