// Jest Snapshot v1, https://goo.gl/fbAQLP

exports[`SequenceViewer Should match existing snapshot when given no data. 1`] = `""`;
