// Jest Snapshot v1, https://goo.gl/fbAQLP

exports[`ChellContext Should match the default snapshot. 1`] = `
<[object Object]
  value={
    Object {
      "addCells": [Function],
      "currentCells": Array [],
      "removeAllCells": [Function],
      "removeCells": [Function],
    }
  }
>
  <[object Object]
    value={
      Object {
        "addCandidateResidue": [Function],
        "addHoveredResidue": [Function],
        "addLockedResiduePair": [Function],
        "candidateResidue": "none",
        "hoveredResidue": "none",
        "lockedResiduePairs": Object {},
        "removeAllLockedResiduePairs": [Function],
        "removeCandidateResidue": [Function],
        "removeHoveredResidue": [Function],
        "removeLockedResiduePair": [Function],
      }
    }
  />
</[object Object]>
`;
