// Jest Snapshot v1, https://goo.gl/fbAQLP

exports[`ProteinViewer Should match existing snapshot when given no data. 1`] = `
<div
  id="ProteinViewer"
>
  <Component />
  <SequenceViewer />
</div>
`;
