// Jest Snapshot v1, https://goo.gl/fbAQLP

exports[`ChellVizApp Should match existing snapshot when given no props. 1`] = `
<div
  id="ChellVizApp"
>
  <Grid
    centered={true}
    divided="vertically"
  >
    <GridRow>
      <VizPanelContainerClass
        dataDirs={
          Array [
            "assets/contact_map/example1",
            "assets/contact_map/example2",
            "assets/contact_map/example3",
          ]
        }
        initialVisualizations={
          Array [
            "Contact Map",
            "NGL",
            "Contact Map",
          ]
        }
        numPanels={3}
        supportedVisualizations={
          Array [
            "Contact Map",
            "NGL",
          ]
        }
      />
    </GridRow>
    <GridRow>
      <VizPanelContainerClass
        dataDirs={
          Array [
            "assets/centroids",
            "assets/centroids_subset",
            "assets/ngl",
            "assets/spring2/full",
          ]
        }
        initialVisualizations={
          Array [
            "T-SNE",
            "Spring",
          ]
        }
        numPanels={2}
        supportedVisualizations={
          Array [
            "T-SNE",
            "Spring",
          ]
        }
      />
    </GridRow>
  </Grid>
</div>
`;
