// Jest Snapshot v1, https://goo.gl/fbAQLP

exports[`ContactMapChart Should match existing snapshot when given simple data. 1`] = `
<PlotlyChartClass
  config={Object {}}
  data={
    Array [
      Object {
        "hoverinfo": "none",
        "marker": Object {
          "color": Array [],
          "size": 0,
        },
        "mode": "markers",
        "name": "",
        "type": "scattergl",
        "x": Array [],
        "y": Array [],
        "z": Array [],
      },
    ]
  }
  layout={
    Object {
      "height": 520,
      "legend": Object {
        "orientation": "h",
        "y": -0.1,
        "yanchor": "bottom",
      },
      "margin": Object {
        "b": 40,
      },
      "showlegend": true,
      "xaxis": Object {
        "autorange": false,
        "dtick": 10,
        "range": Array [],
        "showline": true,
        "tickmode": "linear",
        "title": "Residue #",
      },
      "yaxis": Object {
        "autorange": false,
        "dtick": 10,
        "range": Array [],
        "showline": true,
        "tickmode": "linear",
        "title": "Residue #",
      },
    }
  }
/>
`;
